# Iteration 7 Log

## Metadata

- **Task ID**: simple-war-cuq.13
- **Task Title**: ECS: Review tabletop holdovers in Entity System
- **Description**: Review Entity System Rules for tabletop-derived concepts (Datasheets, model-level resolution, tag inheritance, bearer relationship, etc.), propose digital-native alternatives, and create follow-up bea...
- **Status**: completed
- **Task Completed**: Yes
- **Promise Detected**: Yes
- **Started At**: 2026-03-18T00:02:47.376Z
- **Ended At**: 2026-03-18T00:09:36.719Z
- **Duration**: 6m 49s
- **Input Tokens**: 25
- **Output Tokens**: 16051
- **Total Tokens**: 16076
- **Agent**: cursor
- **Epic**: simple-war-cuq
- **Sandbox Mode**: auto
- **Sandbox Network**: Enabled
--- RAW OUTPUT ---
[94m[unknown][0m
[94m[unknown][0m
[94m[unknown][0m
[94m[unknown][0m
[94m[unknown][0m
[94m[unknown][0m
Good, I now have a thorough understanding of the codebase. Let me check the existing validation report and the beads database.
[94m[unknown][0m
[94m[unknown][0m
[94m[unknown][0m
[94m[unknown][0m
Now I have a complete picture. Let me systematically identify all tabletop holdovers and create the analysis and follow-up beads.
[94m[unknown][0m
I've thoroughly reviewed all the documents. Here are the tabletop holdovers I've identified in Entity System Rules:

1. **Datasheets (240.5)** — Printed reference card concept; should be a dynamically-generated UI view
2. **Bearer Relationship (230.2)** — Named relationship from tabletop prose ("the bearer of this weapon"); adds indirection over standard ECS references
3. **Tag Inheritance (240.3)** — Tabletop shortcut (can't query every Model at a glance on the table); digital Systems can query Model Components directly
4. **State Inheritance (240.4)** — Similar tabletop shortcut for aggregate state; digital Systems can compute aggregates on demand
5. **Armour Type as descriptive label (220.6)** — Required field with no mechanical effect; dead data or missing rules
6. **Equipment constraints as prose (230.2, 240.2)** — Equipment categories described informally, not formalized as Components
7. **Roster as Zone (270.3)** — Conflates validation schema with state container
8. **Model-level resolution within Unit-level Orders** — Hybrid caused by physical models on tabletop; needs a clear ECS justification

Let me now add the analysis to Entity System Rules as Appendix B and create the follow-up beads.
[94m[unknown][0m
[94m[unknown][0m
[94m[unknown][0m
[94m[unknown][0m
[94m[unknown][0m
Good, the appendix is added. Now let me update the Version History and create the follow-up beads.
[94m[unknown][0m
[94m[unknown][0m
Now let me create all 8 follow-up beads.
[94m[unknown][0m
[94m[unknown][0m
[94m[unknown][0m
[94m[unknown][0m
[94m[unknown][0m
[94m[unknown][0m
[94m[unknown][0m
[94m[unknown][0m
All 8 beads created. Now let me close the bead and update progress.md.
[94m[unknown][0m
[94m[unknown][0m
Now update progress.md.
[94m[unknown][0m
[94m[unknown][0m
Now let me add the reusable pattern to the top of progress.md.
[94m[unknown][0m
[94m[unknown][0m
All work is complete. Here's a summary:

**Bead simple-war-cuq.13 — CLOSED**

Reviewed Entity System Rules for tabletop-derived concepts and identified **8 holdovers** with digital-native alternatives, documented in **Appendix B: Tabletop Holdover Review** added to Entity System Rules.

**Holdovers identified:**

| # | Holdover | Rule | Priority | Follow-up Bead |
|---|----------|------|----------|----------------|
| B.1 | Datasheets — UI view, not game rule | 240.5 | P3 | simple-war-6ey |
| B.2 | Bearer — ECS reference semantics | 230.2 | P3 | simple-war-8hx |
| B.3 | Tag Inheritance — System-level queries | 240.3 | P2 | simple-war-bnd |
| B.4 | State Inheritance — System aggregation | 240.4 | P2 | simple-war-l4b |
| B.5 | Armour Type — dead data, needs role | 220.6 | P3 | simple-war-jbn |
| B.6 | Equipment Constraints — formalize as Components | 230.2/240.2 | P2 | simple-war-nx8 |
| B.7 | Roster as Zone — separate validation from state | 270.3 | P2 | simple-war-2vz |
| B.8 | Model-Unit Hybrid — document rationale | 132/133 | P3 | simple-war-6wu |

**Files changed:** `Entity System Rules.md` (Appendix B + version history), `.ralph-tui/progress.md` (learnings + codebase pattern)

All changes are uncommitted for manual review.

<promise>COMPLETE</promise>
