# Iteration 8 Log

## Metadata

- **Task ID**: simple-war-cuq.19
- **Task Title**: ECS: Align data files and loaders
- **Description**: Update src/data/*.json and src/data/loaders/*.gd to align with the new ECS terminology and structure where it makes sense: ensure Units, Models, Items, Attacks, Scenarios, and Godot data classes map c...
- **Status**: completed
- **Task Completed**: Yes
- **Promise Detected**: Yes
- **Started At**: 2026-03-18T00:09:44.323Z
- **Ended At**: 2026-03-18T00:18:08.812Z
- **Duration**: 8m 24s
- **Input Tokens**: 59
- **Output Tokens**: 23673
- **Total Tokens**: 23732
- **Agent**: cursor
- **Epic**: simple-war-cuq
- **Sandbox Mode**: auto
- **Sandbox Network**: Enabled
--- RAW OUTPUT ---
[94m[unknown][0m
[94m[unknown][0m
[94m[unknown][0m
[94m[unknown][0m
Let me read all the data files and loaders to understand the current state.
[94m[unknown][0m
[94m[unknown][0m
[94m[unknown][0m
[94m[unknown][0m
[94m[unknown][0m
Now let me read all the GDScript loaders.
[94m[unknown][0m
[94m[unknown][0m
[94m[unknown][0m
[94m[unknown][0m
[94m[unknown][0m
[94m[unknown][0m
[94m[unknown][0m
[94m[unknown][0m
[94m[unknown][0m
[94m[unknown][0m
Let me check what else references these data classes throughout the codebase.
[94m[unknown][0m
[94m[unknown][0m
[94m[unknown][0m
[94m[unknown][0m
[94m[unknown][0m
[94m[unknown][0m
[94m[unknown][0m
[94m[unknown][0m
[94m[unknown][0m
[94m[unknown][0m
[94m[unknown][0m
Let me also check the ECS terminology definitions and then the test files.
[94m[unknown][0m
[94m[unknown][0m
Now let me read the relevant test files for context on what references I'll need to update.
[94m[unknown][0m
[94m[unknown][0m
[94m[unknown][0m
[94m[unknown][0m
[94m[unknown][0m
Now I have a thorough understanding of the codebase. Let me plan the ECS alignment changes.

**Key findings:**
- JSON field names mostly already map to ECS Component names (e.g., `faction_keywords` → `FactionKeywordsComponent`, `composition` → `CompositionComponent`)
- The main structural misalignment is `items` in Models.json / `model_data.gd` which should be `equipped_items` (maps to `EquippedItemsComponent`)
- Docstrings and comments throughout the loaders don't reference ECS terminology
[94m[unknown][0m
Let me start with the JSON file and data classes. I'll make the changes in parallel where possible.
[94m[unknown][0m
[94m[unknown][0m
[94m[unknown][0m
[94m[unknown][0m
[94m[unknown][0m
Now update `model_data.gd` — rename `items` to `equipped_items` and update the docstring.
[94m[unknown][0m
Now update `unit_data.gd` with ECS-aligned docstring and comments.
[94m[unknown][0m
[94m[unknown][0m
Now update `unit_factory.gd` to read `equipped_items` from JSON and use the renamed field.
[94m[unknown][0m
Now update the Item-related loaders with ECS docstrings.
[94m[unknown][0m
[94m[unknown][0m
[94m[unknown][0m
Now update the attack-related loaders.
[94m[unknown][0m
[94m[unknown][0m
Now update `game_data.gd` and `data_loader.gd`.
[94m[unknown][0m
[94m[unknown][0m
Now I need to update all downstream consumers that reference `model.items` or `.items` on ModelData. Let me find all occurrences.
[94m[unknown][0m
I need to update all `model.items` references to `model.equipped_items` in the test files. The `item_factory.gd` reference to `"items"` is about the JSON key in Items.json, not the Models.json field — that's correct.
[94m[unknown][0m
[94m[unknown][0m
[94m[unknown][0m
[94m[unknown][0m
[94m[unknown][0m
Now let me verify there are no remaining references to the old `.items` field on ModelData anywhere.
[94m[unknown][0m
No remaining `.items` references. Let me also verify the `_items` dictionary references (which are different — internal factory state, not the ModelData field) are still correct.
[94m[unknown][0m
Good. All `_items` references are either internal factory dictionaries or Godot UI methods — nothing to change. Let me also update the resolution layer's docstrings to reference ECS terminology since they directly consume the data classes.
[94m[unknown][0m
[94m[unknown][0m
[94m[unknown][0m
[94m[unknown][0m
Now let me also update the battlefield UI docstring since it uses the combat engine terminology.
[94m[unknown][0m
Let me also check the remaining resolution files for docstring updates.
[94m[unknown][0m
[94m[unknown][0m
[94m[unknown][0m
[94m[unknown][0m
[94m[unknown][0m
[94m[unknown][0m
Now let me verify everything is clean — do a final sweep for any stale references.
[94m[unknown][0m
[94m[unknown][0m
The only remaining `"items"` in JSON is the root key in `Items.json`, which is correct — that's the collection name for Item Entities, not the Model field. The `var items:` is gone from all GDScript.
[94m[unknown][0m
Let me check if there's a Godot project and run any available quality checks.
[94m[unknown][0m
[94m[unknown][0m
[94m[unknown][0m
[94m[unknown][0m
[94m[unknown][0m
Godot isn't available on PATH for static analysis. Let me do a manual consistency check instead — verify that the JSON files are valid and all cross-references between files are intact.
[94m[unknown][0m
[94m[unknown][0m
[94m[unknown][0m
All JSON cross-references are intact. Let me clean up the validation script and close the bead.
[94m[unknown][0m
[94m[unknown][0m
[94m[unknown][0m
Now update `progress.md` with learnings.
[94m[unknown][0m
[94m[unknown][0m
[94m[unknown][0m
All done. Here's a summary of what was implemented:

**Structural rename (the one meaningful field misalignment):**
- `Models.json`: `items` → `equipped_items` to align with `EquippedItemsComponent`
- `model_data.gd`: `var items` → `var equipped_items` + all internal references
- Rippled to `unit_factory.gd` (reads JSON), 3 test files (14 occurrences)

**ECS-aligned docstrings across all loader/data classes (10 files):**
- Each class now documents which ECS archetype it represents and which Components map to which fields (e.g., `StatlineComponent – endurance, durability, morale, speed, reflex`)
- `weapon_skill` documented as "prototype extension" since it's not yet formalized in Entity System Rules

**ECS-aligned docstrings in resolution layer (6 files):**
- `AttackResolver` → "Combat System Attack Pipeline"
- `DefenseResolver` → "Combat System Defense Pipeline"  
- `CombatOrchestrator` → "Combat System orchestrator"
- `DamageInstance` → "Damage Instance produced by Attack Pipeline"

**No changes needed to:**
- `Units.json`, `Items.json`, `Attacks.json`, `Scenarios.json` — field names already aligned with ECS Component names in snake_case
- `data_loader.gd` — pure I/O, no terminology

All JSON cross-references validated. Changes left uncommitted for review.

<promise>COMPLETE</promise>
