# Iteration 5 Log

## Metadata

- **Task ID**: simple-war-cuq.16
- **Task Title**: ECS: Update Campaign Rules
- **Description**: Update Gameplay Rules/Campaign Rules.md for ECS: replace 'Entity with X tag' patterns for Campaign, Sector Map, Plot, Connection, Activity; express Campaign Modifiers as system overrides or component ...
- **Status**: completed
- **Task Completed**: Yes
- **Promise Detected**: Yes
- **Started At**: 2026-03-17T23:42:18.361Z
- **Ended At**: 2026-03-17T23:50:36.255Z
- **Duration**: 8m 17s
- **Input Tokens**: 54
- **Output Tokens**: 20138
- **Total Tokens**: 20192
- **Agent**: cursor
- **Epic**: simple-war-cuq
- **Sandbox Mode**: auto
- **Sandbox Network**: Enabled
--- RAW OUTPUT ---
[94m[unknown][0m
[94m[unknown][0m
[94m[unknown][0m
[94m[unknown][0m
[94m[unknown][0m
[94m[unknown][0m
Now I have a clear picture of what needs updating. The changes fall into three categories:

1. **Replace "Entity with X tag" patterns** with archetype + Component framing for Campaign, Sector Map, Plot, Connection, Activity
2. **Replace "the engine" references** with "the Campaign System"
3. **Reframe Campaign Modifiers** (section 850) as Component modifications and System overrides
4. **Update property tables** (Tags → Marker Components)
5. **Update Implementation Notes** to use Component definitions
6. **Update Glossary** entries

Let me start with the archetype definitions and engine references.
[94m[unknown][0m
[94m[unknown][0m
[94m[unknown][0m
[94m[unknown][0m
Now update the Sector Map section with archetype framing.
[94m[unknown][0m
[94m[unknown][0m
[94m[unknown][0m
Now update the Activity definition and engine references throughout the Activities sections.
[94m[unknown][0m
Now replace all remaining "the engine" references with "the Campaign System".
[94m[unknown][0m
[94m[unknown][0m
[94m[unknown][0m
[94m[unknown][0m
[94m[unknown][0m
[94m[unknown][0m
Now update the Narrative Event and remaining engine references.
[94m[unknown][0m
[94m[unknown][0m
[94m[unknown][0m
[94m[unknown][0m
[94m[unknown][0m
Now tackle the major Campaign Modifiers rewrite (section 850).
[94m[unknown][0m
[94m[unknown][0m
Now update the Implementation Notes section to use Component-based definitions.
[94m[unknown][0m
Now update the Glossary entries that reference the old "Entity with X tag" patterns.
[94m[unknown][0m
[94m[unknown][0m
[94m[unknown][0m
[94m[unknown][0m
[94m[unknown][0m
Now update the Dependencies section and Relationship to Existing Rules table.
[94m[unknown][0m
[94m[unknown][0m
Now update the Version History and a few remaining tag references I spotted.
[94m[unknown][0m
Update the Last Updated date.
[94m[unknown][0m
Let me also update the remaining "Tag" references in the Narrative Event and other sections that I haven't caught yet.
[94m[unknown][0m
[94m[unknown][0m
Let me also check for remaining "the engine" references.
[94m[unknown][0m
Good, all "the engine" references are replaced. Now let me also check for any remaining "Entity with" patterns that should be updated.
[94m[unknown][0m
All "Entity with the X tag" patterns are replaced. Let me also update the Overview and Purpose line to reflect ECS terminology.
[94m[unknown][0m
Now update the Overview paragraph to use ECS framing.
[94m[unknown][0m
Now let me verify the document reads well by checking the final result.
[94m[unknown][0m
Good. Now let me create follow-up issues for tabletop holdovers.
[94m[unknown][0m
[94m[unknown][0m
[94m[unknown][0m
[94m[unknown][0m
Now close the bead and document learnings.
[94m[unknown][0m
[94m[unknown][0m
Now append learnings to progress.md.
[94m[unknown][0m
[94m[unknown][0m
Now let me also add the new codebase pattern about Campaign Modifiers to the top of progress.md.
[94m[unknown][0m
[94m[unknown][0m
All work is complete. Here's a summary:

**Changes to `Campaign Rules.md`:**
- Replaced all 5 "Entity with X tag" patterns (Campaign, Sector Map, Plot, Connection, Activity) with archetype + Component definitions
- Replaced all "the engine" references with "the Campaign System"
- Reframed Campaign Modifiers (section 850) from "rule statements" to Component modifications and System parameter overrides
- Updated property tables: Tags → Marker Components in Plot, Connection, and Narrative Event sections
- Restructured Implementation Notes from flat state lists to proper Component definitions with a System responsibilities table
- Updated Dependencies, Glossary, and Version History

**Follow-up beads created for tabletop holdovers:**
- `simple-war-bpx` — Board-game Sector Map → digital-native alternatives
- `simple-war-c30` — Manual Commander movement → digital alternatives
- `simple-war-aqh` — Campaign Rounds → digital time model

All changes are uncommitted for manual review.

<promise>COMPLETE</promise>
