# Iteration 3 Log

## Metadata

- **Task ID**: simple-war-cuq.11
- **Task Title**: ECS: Architecture design document
- **Description**: Write a short ECS architecture appendix in Entity System Rules: define Entity as ID; catalog Component types (Position, Statline, Faction, Equipment, Morale, Zone, etc.); catalog Systems (Movement, Co...
- **Status**: completed
- **Task Completed**: Yes
- **Promise Detected**: Yes
- **Started At**: 2026-03-17T23:29:05.777Z
- **Ended At**: 2026-03-17T23:33:28.940Z
- **Duration**: 4m 23s
- **Input Tokens**: 13
- **Output Tokens**: 13947
- **Total Tokens**: 13960
- **Agent**: cursor
- **Epic**: simple-war-cuq
- **Sandbox Mode**: auto
- **Sandbox Network**: Enabled
--- RAW OUTPUT ---
Let me start by studying the progress file and the existing documents.
[94m[unknown][0m
[94m[unknown][0m
[94m[unknown][0m
Let me check for Campaign-level entities mentioned elsewhere and the existing data files.
[94m[unknown][0m
[94m[unknown][0m
[94m[unknown][0m
Now I have a complete picture of the codebase. The bead asks for an ECS architecture appendix in Entity System Rules that catalogs Components, Systems, Tag mappings, and archetype mappings (including Campaign-level entities). The existing document has ECS content throughout, but lacks a consolidated quick-reference appendix. Let me write it.
[94m[unknown][0m
[94m[unknown][0m
Let me check the exact text at the end of the file.
[94m[unknown][0m
[94m[unknown][0m
Now let me verify the appendix was added correctly by reading the end of the file.
[94m[unknown][0m
The appendix is in place. Now let me close the bead and update the progress log.
[94m[unknown][0m
[94m[unknown][0m
Now update the progress log.
[94m[unknown][0m
[94m[unknown][0m
[94m[unknown][0m
Done. Here's what was implemented:

**Appendix A: ECS Architecture Reference** added to `Entity System Rules.md` (lines 765–920) with five sections:

- **A.1 Entity** — Entity defined as a unique ID with no inherent data
- **A.2 Component Catalog** — 30+ Components organized into 6 categories (Core, Statline/Combat, Equipment/Item, Unit, Organization, Campaign), each with category, attachment, description, and defining rule
- **A.3 System Catalog** — 7 Systems (Zone, Combat, Morale, Ability, Movement, Deployment, Campaign) with reads/writes columns, plus a derived values table
- **A.4 Tag-to-Marker-Component Mapping** — 6 Tag categories (Entity Tag, Status Tag, Faction/Unit/Model Keywords, Archetype Tags) mapped to their ECS marker Component representation with persistence semantics
- **A.5 Archetype Catalog** — 6 battle-level archetypes (Model, Unit, Item, Commander, Army, Battleforce) and 5 campaign-level archetypes (Campaign, Sector Map, Plot, Connection, Activity), plus a Non-Entity Objects table

All changes are uncommitted for manual review. Bead `simple-war-cuq.11` has been closed.

<promise>COMPLETE</promise>
