# Iteration 10 Log

## Metadata

- **Task ID**: simple-war-cuq.9
- **Task Title**: GDD: Run documentation-standard validation
- **Description**: Apply the Simple War Documentation Standard skill to all GDD markdown: fix numbering, headers, cross-references, and glossary entries.

## Context
Run this after all major GDD sections are drafted. Ou...
- **Status**: completed
- **Task Completed**: Yes
- **Promise Detected**: Yes
- **Started At**: 2026-03-17T08:39:16.148Z
- **Ended At**: 2026-03-17T09:02:09.160Z
- **Duration**: 22m 53s
- **Input Tokens**: 91
- **Output Tokens**: 34220
- **Total Tokens**: 34311
- **Agent**: cursor
- **Model**: composer-1.5
- **Epic**: simple-war-cuq
- **Sandbox Mode**: auto
- **Sandbox Network**: Enabled
--- RAW OUTPUT ---
[94m[unknown][0m
[94m[unknown][0m
[94m[unknown][0m
[94m[unknown][0m
[94m[unknown][0m
Now let me read all the GDD documents. I'll batch-read the core rules documents and the reference file for the documentation standard.
[94m[unknown][0m
[94m[unknown][0m
[94m[unknown][0m
[94m[unknown][0m
Now let me read the remaining documents.
[94m[unknown][0m
[94m[unknown][0m
[94m[unknown][0m
[94m[unknown][0m
Let me read the remaining documents.
[94m[unknown][0m
[94m[unknown][0m
[94m[unknown][0m
[94m[unknown][0m
Good, I now have a complete picture of all GDD documents and the documentation standard. Let me analyze everything systematically and start applying fixes.
[94m[unknown][0m
Let me start with the Main Concepts fixes (duplicate section numbers and typos).
[94m[unknown][0m
[94m[unknown][0m
[94m[unknown][0m
[94m[unknown][0m
[94m[unknown][0m
[94m[unknown][0m
[94m[unknown][0m
[94m[unknown][0m
Now fix the duplicate section numbering. The current structure is:
- Section 1: Big picture
- Section 2: Breakdown of Player Activities
- Section 3: User Experience Details
- Section 3 (duplicate): Rosters and Armies
- Section 4: Battles
- Section 5: Battle stages (high level)
- Section 3 (triplicate): Digital Prototype

I need to renumber sections 3–7 correctly. But wait — looking more carefully at the structure, sections "3. Rosters and Armies", "4. Battles", and "5. Battle stages" are within section 3 User Experience Details but use `##` headers. And "3. Digital Prototype" is also at the same level. Let me re-read the structure.
[94m[unknown][0m
[94m[unknown][0m
Now let me fix the section numbering in Main Concepts. The orphaned Campaign overview text (lines 179-203) needs a heading, and the duplicate "3"s need renumbering.
[94m[unknown][0m
[94m[unknown][0m
[94m[unknown][0m
[94m[unknown][0m
[94m[unknown][0m
[94m[unknown][0m
Now the big one — fixing Terminology.md. I need to capitalize game terms, replace forbidden terms ("typically"), replace bare "you/your", and reconcile Evasiveness/Evasion Rating. Let me apply these fixes section by section.
[94m[unknown][0m
[94m[unknown][0m
[94m[unknown][0m
[94m[unknown][0m
[94m[unknown][0m
[94m[unknown][0m
[94m[unknown][0m
[94m[unknown][0m
[94m[unknown][0m
[94m[unknown][0m
[94m[unknown][0m
[94m[unknown][0m
Now let me fix the Timings section and everything below it.
[94m[unknown][0m
[94m[unknown][0m
[94m[unknown][0m
[94m[unknown][0m
[94m[unknown][0m
[94m[unknown][0m
[94m[unknown][0m
[94m[unknown][0m
[94m[unknown][0m
[94m[unknown][0m
[94m[unknown][0m
[94m[unknown][0m
[94m[unknown][0m
[94m[unknown][0m
[94m[unknown][0m
Good. Now let me fix the Combat Resolution section.
[94m[unknown][0m
[94m[unknown][0m
[94m[unknown][0m
[94m[unknown][0m
Now let me fix the "Fighting a Battle" section — it has empty stubs and uses lowercase terms.
[94m[unknown][0m
Let me try smaller replacements to handle this section.
[94m[unknown][0m
[94m[unknown][0m
[94m[unknown][0m
[94m[unknown][0m
[94m[unknown][0m
Good. Now let me fix the simultaneous turn line. Let me read it again.
[94m[unknown][0m
[94m[unknown][0m
Now add the cross-reference at the end of that paragraph. Let me read the line again to get the exact text.
[94m[unknown][0m
[94m[unknown][0m
Also fix the "Fighting a Battle" intro line:
[94m[unknown][0m
[94m[unknown][0m
[94m[unknown][0m
Now fix the stale cross-references in Entity System Rules.
[94m[unknown][0m
[94m[unknown][0m
Now let me also fix the Movement and Positioning Rules cross-references that mention "to be drafted" for things already drafted.
[94m[unknown][0m
[94m[unknown][0m
[94m[unknown][0m
[94m[unknown][0m
[94m[unknown][0m
Now let me generate the comprehensive validation report. Let me verify the final state of Terminology.md first.
[94m[unknown][0m
The Terminology.md is looking much better. Now let me write the validation report.
[94m[unknown][0m
Now let me close the bead and update progress.md.
[94m[unknown][0m
Let me file follow-up beads for the remaining issues, then close this bead.
[94m[unknown][0m
[94m[unknown][0m
[94m[unknown][0m
[94m[unknown][0m
Now close the bead.
[94m[unknown][0m
Now update progress.md.
[94m[unknown][0m
[94m[unknown][0m
[94m[unknown][0m
Now let me also add the file-extension pattern to the Codebase Patterns section since it's a reusable gotcha.
[94m[unknown][0m
[94m[unknown][0m
Let me verify the git status to confirm all changes are uncommitted as requested.
[94m[unknown][0m
All changes are uncommitted as required. Here's a summary of what was accomplished:

## Completed: simple-war-cuq.9 — Documentation-Standard Validation

**9 auto-fixes applied across 5 files:**

1. **Terminology.md** (largest changes):
   - Capitalized ~150 game term instances (Entity, Tag, Unit, Model, etc.)
   - Removed 5 forbidden "typically" usages with precise alternatives
   - Replaced bare "you/your" pronouns with explicit Player references
   - Renamed "Evasiveness" → "Evasion Rating" to match Entity System Rules
   - Filled 20+ empty stub headers with summaries and cross-references
   - Added 25+ cross-references to specific rule numbers

2. **Main Concepts**: Fixed 3 duplicate section "3"s (renumbered 3–8), added heading for orphaned Campaign text, fixed 4 typos

3. **Entity System Rules, Movement Rules, Campaign Rules**: Updated stale "to be drafted" cross-references

**Report**: `Game Design Document/Gameplay Rules/Documentation Validation Report.md`

**4 follow-up beads filed**:
- `simple-war-xej` — Assign 900-series rule numbers to Terminology.md
- `simple-war-nzb` — Complete Lawmakers incomplete sentence in Subfactions.md
- `simple-war-ani` — Add Examples sections to Campaign Rules
- `simple-war-ptr` — Create unified master glossary

<promise>COMPLETE</promise>
