# Iteration 7 Log

## Metadata

- **Task ID**: simple-war-cuq.4
- **Task Title**: GDD: Expand Timeline
- **Description**: Flesh out Game Design Document/Narrative Elements/Timeline.md from One Small Step through the End of All Things, with dates, short summaries, and cross-references into Overarching Narrative.md and fac...
- **Status**: completed
- **Task Completed**: Yes
- **Promise Detected**: Yes
- **Started At**: 2026-03-17T08:07:31.255Z
- **Ended At**: 2026-03-17T08:22:54.548Z
- **Duration**: 15m 23s
- **Input Tokens**: 6
- **Output Tokens**: 8619
- **Total Tokens**: 8625
- **Agent**: cursor
- **Model**: composer-1.5
- **Epic**: simple-war-cuq
- **Sandbox Mode**: auto
- **Sandbox Network**: Enabled
--- RAW OUTPUT ---
[94m[unknown][0m
[94m[unknown][0m
[94m[unknown][0m
[94m[unknown][0m
[94m[unknown][0m
[94m[unknown][0m
[94m[unknown][0m
[94m[unknown][0m
[94m[unknown][0m
Let me read the Overarching Narrative in sections since it's very large.
[94m[unknown][0m
[94m[unknown][0m
[94m[unknown][0m
Now I have a thorough understanding of the lore. Let me also check the Introduction and GDD readme for any additional context.
[94m[unknown][0m
[94m[unknown][0m
[94m[unknown][0m
I have all the context I need. Let me now write the expanded Timeline.md.
[94m[unknown][0m
Now let me close the bead and update progress.md.
[94m[unknown][0m
[94m[unknown][0m
Now let me append the learnings to progress.md.
[94m[unknown][0m
[94m[unknown][0m
[94m[unknown][0m
Done. Here's what was built:

**Timeline.md** expanded from a 17-line stub to a complete reference document with:

- **6 named eras**: The Long Dawn, The First Empire, The Folly and the Law, Thorns in the Garden, The Unraveling, The End of All Things
- **~30 dated events** with Ma timestamps, anchored to the 5 existing dates from the stub and interpolated from narrative ordering
- **Cross-references** into Overarching Narrative sections (both lore sections and story prompts) and the Gardeners/Subfactions doc (the Pure, the Lost and the Damned)
- **Quick Reference table** for at-a-glance chronology
- **Campaign Era Guide** mapping each era to tone, conflict types, and available magic — recommending The End of All Things as the default play era
- **Open Questions** section preserving 6 deliberately unresolved narrative threads for future development

All changes are uncommitted for manual review. Bead `simple-war-cuq.4` is closed and learnings appended to `progress.md`.

<promise>COMPLETE</promise>
